// Jest Snapshot v1, https://goo.gl/fbAQLP

exports[`runServer should work 1`] = `
Object {
  "debugCalls": Array [
    Array [
      "⌛ - Delay service initialized.",
    ],
    Array [
      "⏰ - Time service initialized.",
    ],
    Array [
      "⏳ - Cancelling pending timeouts:",
      0,
    ],
    Array [
      "✅ - Closing HTTP server.",
    ],
    Array [
      "✔️ - HTTP server closed!",
    ],
    Array [
      "👣 - Logging service initialized.",
    ],
    Array [
      "💱 - HTTP Transaction initialized.",
    ],
    Array [
      "📇 - Process service initialized.",
    ],
    Array [
      "🚦 - HTTP Router initialized.",
    ],
  ],
  "logErrorCalls": Array [
    Array [
      "🔂 - Running in \\"test\\" environment.",
    ],
    Array [
      "🎙️ - HTTP Server listening at \\"http://localhost:8888\\".",
    ],
    Array [
      "On air 🚀🌕",
    ],
  ],
  "logInfoCalls": Array [],
}
`;
