// Jest Snapshot v1, https://goo.gl/fbAQLP

exports[`initPORT should find a port by itself if no env port 1`] = `
Object {
  "logCalls": Array [
    Array [
      "debug",
      "üè≠ - Initializing the PORT service.",
    ],
    Array [
      "warning",
      "‚úî - Found a free port \${PORT}",
    ],
  ],
}
`;

exports[`initPORT should use the env port first 1`] = `
Object {
  "logCalls": Array [
    Array [
      "debug",
      "üè≠ - Initializing the PORT service.",
    ],
    Array [
      "warning",
      "‚ôªÔ∏è - Using ENV port 1337",
    ],
  ],
  "port": 1337,
}
`;
