// Jest Snapshot v1, https://goo.gl/fbAQLP

exports[`initArgs should parse args 1`] = `
Object {
  "args": Object {
    "_": Array [
      "getPing",
    ],
    "parameters": "{}",
  },
  "logCalls": Array [
    Array [
      "debug",
      "ðŸ›  - Parsed args:",
      Object {
        "_": Array [
          "getPing",
        ],
        "parameters": "{}",
      },
    ],
  ],
}
`;
