// Jest Snapshot v1, https://goo.gl/fbAQLP

exports[`command should work 1`] = `
Object {
  "logCalls": Array [
    Array [
      "commandHandler ran",
    ],
  ],
}
`;
