// Jest Snapshot v1, https://goo.gl/fbAQLP

exports[`NECHANISMS should also include fake on debugging 1`] = `
Object {
  "logCalls": Array [
    Array [
      "debug",
      "üîß - Initializing auth mechanisms",
    ],
    Array [
      "warning",
      "‚ö†Ô∏è - Using fake auth mechanism!",
    ],
  ],
}
`;

exports[`NECHANISMS should only include bearer 1`] = `
Object {
  "logCalls": Array [
    Array [
      "debug",
      "üîß - Initializing auth mechanisms",
    ],
  ],
}
`;
